#Packing pin usage report
Type: io
	Input Pin Usage:
		Max: 1.00 (0.50)
		Avg: 0.50 (0.25)
		Min: 0.00 (0.00)
		Histogram:
		[        0:      0.2) 32 ( 50.0%) |************************************************
		[      0.2:      0.4)  0 (  0.0%) |
		[      0.4:      0.6)  0 (  0.0%) |
		[      0.6:      0.8)  0 (  0.0%) |
		[      0.8:        1) 32 ( 50.0%) |************************************************
		[        1:      1.2)  0 (  0.0%) |
		[      1.2:      1.4)  0 (  0.0%) |
		[      1.4:      1.6)  0 (  0.0%) |
		[      1.6:      1.8)  0 (  0.0%) |
		[      1.8:        2)  0 (  0.0%) |
	Output Pin Usage:
		Max: 1.00 (1.00)
		Avg: 0.50 (0.50)
		Min: 0.00 (0.00)
		Histogram:
		[        0:      0.1) 32 ( 50.0%) |************************************************
		[      0.1:      0.2)  0 (  0.0%) |
		[      0.2:      0.3)  0 (  0.0%) |
		[      0.3:      0.4)  0 (  0.0%) |
		[      0.4:      0.5)  0 (  0.0%) |
		[      0.5:      0.6)  0 (  0.0%) |
		[      0.6:      0.7)  0 (  0.0%) |
		[      0.7:      0.8)  0 (  0.0%) |
		[      0.8:      0.9)  0 (  0.0%) |
		[      0.9:        1) 32 ( 50.0%) |************************************************

Type: clb
	Input Pin Usage:
		Max: 51.00 (0.94)
		Avg: 35.03 (0.65)
		Min: 2.00 (0.04)
		Histogram:
		[        0:      5.4)  26 (  4.2%) |*****
		[      5.4:       11)  18 (  2.9%) |***
		[       11:       16)   3 (  0.5%) |*
		[       16:       22)  15 (  2.4%) |***
		[       22:       27)  27 (  4.3%) |*****
		[       27:       32)  80 ( 12.8%) |***************
		[       32:       38) 127 ( 20.4%) |************************
		[       38:       43) 244 ( 39.1%) |***********************************************
		[       43:       49)  80 ( 12.8%) |***************
		[       49:       54)   4 (  0.6%) |*
	Output Pin Usage:
		Max: 19.00 (0.90)
		Avg: 7.85 (0.37)
		Min: 1.00 (0.05)
		Histogram:
		[        0:      2.1)  43 (  6.9%) |**********
		[      2.1:      4.2)  28 (  4.5%) |******
		[      4.2:      6.3) 105 ( 16.8%) |************************
		[      6.3:      8.4) 205 ( 32.9%) |***********************************************
		[      8.4:       10) 143 ( 22.9%) |*********************************
		[       10:       13)  58 (  9.3%) |*************
		[       13:       15)  28 (  4.5%) |******
		[       15:       17)  10 (  1.6%) |**
		[       17:       19)   3 (  0.5%) |*
		[       19:       21)   1 (  0.2%) |

